
> build
> vite build

vite v7.2.6 building client environment for production...
transforming...
✓ 403 modules transformed.
✗ Build failed in 1.41s
error during build:
[vite:esbuild] Transform failed with 1 error:
/home/guarox/Documentos/proyectos-personales/controlApp/resources/js/Components/Finance/Modals/QuickTransactionModal.jsx:29:4: ERROR: "categorias" cannot be bound multiple times in the same parameter list
file: /home/guarox/Documentos/proyectos-personales/controlApp/resources/js/Components/Finance/Modals/QuickTransactionModal.jsx:29:4

"categorias" cannot be bound multiple times in the same parameter list
27 |      cuentas = [],
28 |      categorias = [],
29 |      categorias = [],
   |      ^
30 |      onSuccess,
31 |      initialType = 'expense' // 'income' or 'expense'

    at failureErrorWithLog (/home/guarox/Documentos/proyectos-personales/controlApp/node_modules/.pnpm/esbuild@0.25.12/node_modules/esbuild/lib/main.js:1467:15)
    at /home/guarox/Documentos/proyectos-personales/controlApp/node_modules/.pnpm/esbuild@0.25.12/node_modules/esbuild/lib/main.js:736:50
    at responseCallbacks.<computed> (/home/guarox/Documentos/proyectos-personales/controlApp/node_modules/.pnpm/esbuild@0.25.12/node_modules/esbuild/lib/main.js:603:9)
    at handleIncomingPacket (/home/guarox/Documentos/proyectos-personales/controlApp/node_modules/.pnpm/esbuild@0.25.12/node_modules/esbuild/lib/main.js:658:12)
    at Socket.readFromStdout (/home/guarox/Documentos/proyectos-personales/controlApp/node_modules/.pnpm/esbuild@0.25.12/node_modules/esbuild/lib/main.js:581:7)
    at Socket.emit (node:events:519:28)
    at addChunk (node:internal/streams/readable:561:12)
    at readableAddChunkPushByteMode (node:internal/streams/readable:512:3)
    at Readable.push (node:internal/streams/readable:392:5)
    at Pipe.onStreamRead (node:internal/stream_base_commons:189:23)
