
[1m[46m RUN [49m[22m [36mv4.0.14 [39m[90m/home/guarox/Documentos/proyectos-personales/controlApp[39m

 [32m✓[39m resources/js/Components/PrimaryButton.test.jsx [2m([22m[2m2 tests[22m[2m)[22m[32m 121[2mms[22m[39m

[2m Test Files [22m [1m[32m1 passed[39m[22m[90m (1)[39m
[2m      Tests [22m [1m[32m2 passed[39m[22m[90m (2)[39m
[2m   Start at [22m 13:14:52
[2m   Duration [22m 776ms[2m (transform 35ms, setup 47ms, import 79ms, tests 121ms, environment 365ms)[22m

